******************************************************************************
                  MSP430 Linker PC v4.3.1                      
******************************************************************************
>> Linked Fri Jun 27 21:12:30 2014

OUTPUT FILE NAME:   <proj24_DMM_current_voltage_REVB.out>
ENTRY POINT SYMBOL: "_c_int00"  address: 0000db2a


MEMORY CONFIGURATION

         name            origin    length      used     unused   attr    fill
----------------------  --------  ---------  --------  --------  ----  --------
  SFR                   00000000   00000010  00000000  00000010  RWIX
  PERIPHERALS_8BIT      00000010   000000f0  00000000  000000f0  RWIX
  PERIPHERALS_16BIT     00000100   00000100  00000000  00000100  RWIX
  RAM                   00000200   00000200  000000ae  00000152  RWIX
  INFOD                 00001000   00000040  00000000  00000040  RWIX
  INFOC                 00001040   00000040  00000000  00000040  RWIX
  INFOB                 00001080   00000040  00000000  00000040  RWIX
  INFOA                 000010c0   00000040  00000000  00000040  RWIX
  FLASH                 0000c000   00003fe0  00001c12  000023ce  RWIX
  INT00                 0000ffe0   00000002  00000000  00000002  RWIX
  INT01                 0000ffe2   00000002  00000000  00000002  RWIX
  INT02                 0000ffe4   00000002  00000002  00000000  RWIX
  INT03                 0000ffe6   00000002  00000002  00000000  RWIX
  INT04                 0000ffe8   00000002  00000000  00000002  RWIX
  INT05                 0000ffea   00000002  00000002  00000000  RWIX
  INT06                 0000ffec   00000002  00000002  00000000  RWIX
  INT07                 0000ffee   00000002  00000002  00000000  RWIX
  INT08                 0000fff0   00000002  00000002  00000000  RWIX
  INT09                 0000fff2   00000002  00000002  00000000  RWIX
  INT10                 0000fff4   00000002  00000002  00000000  RWIX
  INT11                 0000fff6   00000002  00000002  00000000  RWIX
  INT12                 0000fff8   00000002  00000002  00000000  RWIX
  INT13                 0000fffa   00000002  00000002  00000000  RWIX
  INT14                 0000fffc   00000002  00000002  00000000  RWIX
  RESET                 0000fffe   00000002  00000002  00000000  RWIX


SECTION ALLOCATION MAP

 output                                  attributes/
section   page    origin      length       input sections
--------  ----  ----------  ----------   ----------------
.init_array 
*          0    0000c000    00000000     UNINITIALIZED

.data      0    00000200    0000003e     UNINITIALIZED
                  00000200    0000003e     main.obj (.data)

.TI.persistent 
*          0    00000200    00000000     UNINITIALIZED

.bss       0    0000023e    00000020     UNINITIALIZED
                  0000023e    00000008     (.common:NUMBERA1)
                  00000246    00000008     (.common:NUMBERA2)
                  0000024e    00000008     (.common:NUMBERV1)
                  00000256    00000008     (.common:NUMBERV2)

.TI.noinit 
*          0    0000023e    00000000     UNINITIALIZED

.stack     0    000003b0    00000050     UNINITIALIZED
                  000003b0    00000002     rts430_eabi.lib : boot.obj (.stack)
                  000003b2    0000004e     --HOLE--

.text      0    0000c000    00001bdc     
                  0000c000    00000466     rts430_eabi.lib : frcdivd.obj (.text:__TI_frcdivd)
                  0000c466    000002f8                     : frcmpyd.obj (.text:__TI_frcmpyd)
                  0000c75e    0000026e                     : mpyd.obj (.text:__mspabi_mpyd)
                  0000c9cc    00000238                     : divd.obj (.text:__mspabi_divd)
                  0000cc04    000001dc     main.obj (.text:Write_Amperage1)
                  0000cde0    000001dc     main.obj (.text:Write_Amperage2)
                  0000cfbc    000001da     main.obj (.text:Write_Voltage1)
                  0000d196    000001da     main.obj (.text:Write_Voltage2)
                  0000d370    000000dc     rts430_eabi.lib : cmpd.obj (.text:__mspabi_cmpd)
                  0000d44c    000000a8     main.obj (.text:Read_ADC)
                  0000d4f4    000000a8     main.obj (.text:spiA_transfer24)
                  0000d59c    000000a2     rts430_eabi.lib : fltlid.obj (.text:__mspabi_fltlid)
                  0000d63e    0000008c     main.obj (.text:main)
                  0000d6ca    0000007a     main.obj (.text:Init_MAX7219)
                  0000d744    00000072     rts430_eabi.lib : fixdli.obj (.text:__mspabi_fixdli)
                  0000d7b6    0000005e                     : copy_decompress_rle.obj (.text:__TI_decompress_rle_core)
                  0000d814    0000005e                     : autoinit.obj (.text:_auto_init)
                  0000d872    0000005c     main.obj (.text:SPI_Write2)
                  0000d8ce    0000005c     rts430_eabi.lib : lsr32.obj (.text:l_lsr_const)
                  0000d92a    0000004c                     : lsr16.obj (.text)
                  0000d976    0000003e                     : asr32.obj (.text:l_asr_const)
                  0000d9b4    0000003e                     : lsl32.obj (.text:l_lsl_const)
                  0000d9f2    00000036     main.obj (.text:SPI_Init)
                  0000da28    00000030     main.obj (.text:spiA_init)
                  0000da58    0000002c     rts430_eabi.lib : asr16.obj (.text)
                  0000da84    0000002c                     : div16s.obj (.text)
                  0000dab0    0000002c                     : lsl16.obj (.text)
                  0000dadc    00000028                     : fixdi.obj (.text:__mspabi_fixdi)
                  0000db04    00000026                     : mult32.obj (.text)
                  0000db2a    0000001a                     : boot.obj (.text:_c_int00_noexit)
                  0000db44    00000016                     : div16u.obj (.text)
                  0000db5a    00000014                     : copy_zero_init.obj (.text:decompress:ZI:__TI_zero_init)
                  0000db6e    00000014                     : mult16.obj (.text)
                  0000db82    00000012                     : copy_decompress_none.obj (.text:decompress:none:__TI_decompress_none)
                  0000db94    00000012                     : lsr32.obj (.text:l_lsr)
                  0000dba6    00000012                     : memcpy.obj (.text:memcpy)
                  0000dbb8    00000010                     : epilog.obj (.text)
                  0000dbc8    00000006                     : isr_trap.obj (.text:__TI_ISR_TRAP)
                  0000dbce    00000006                     : copy_decompress_rle.obj (.text:decompress:rle24:__TI_decompress_rle24)
                  0000dbd4    00000004                     : pre_init.obj (.text:_system_pre_init)
                  0000dbd8    00000004                     : exit.obj (.text:abort)

.cinit     0    0000dbdc    00000036     
                  0000dbdc    00000024     (.cinit..data.load) [load image, compression = rle]
                  0000dc00    00000006     (__TI_handler_table)
                  0000dc06    00000004     (.cinit..bss.load) [load image, compression = zero_init]
                  0000dc0a    00000008     (__TI_cinit_table)

PORT1      0    0000ffe4    00000002     
                  0000ffe4    00000002     rts430_eabi.lib : int02.obj (.int02)

PORT2      0    0000ffe6    00000002     
                  0000ffe6    00000002     rts430_eabi.lib : int03.obj (.int03)

ADC10      0    0000ffea    00000002     
                  0000ffea    00000002     rts430_eabi.lib : int05.obj (.int05)

USCIAB0TX 
*          0    0000ffec    00000002     
                  0000ffec    00000002     rts430_eabi.lib : int06.obj (.int06)

USCIAB0RX 
*          0    0000ffee    00000002     
                  0000ffee    00000002     rts430_eabi.lib : int07.obj (.int07)

TIMER0_A1 
*          0    0000fff0    00000002     
                  0000fff0    00000002     rts430_eabi.lib : int08.obj (.int08)

TIMER0_A0 
*          0    0000fff2    00000002     
                  0000fff2    00000002     rts430_eabi.lib : int09.obj (.int09)

WDT        0    0000fff4    00000002     
                  0000fff4    00000002     rts430_eabi.lib : int10.obj (.int10)

COMPARATORA 
*          0    0000fff6    00000002     
                  0000fff6    00000002     rts430_eabi.lib : int11.obj (.int11)

TIMER1_A1 
*          0    0000fff8    00000002     
                  0000fff8    00000002     rts430_eabi.lib : int12.obj (.int12)

TIMER1_A0 
*          0    0000fffa    00000002     
                  0000fffa    00000002     rts430_eabi.lib : int13.obj (.int13)

NMI        0    0000fffc    00000002     
                  0000fffc    00000002     rts430_eabi.lib : int14.obj (.int14)

.reset     0    0000fffe    00000002     
                  0000fffe    00000002     rts430_eabi.lib : boot.obj (.reset)


LINKER GENERATED COPY TABLES

__TI_cinit_table @ 0000dc0a records: 2, size/record: 4, table size: 8
	.data: load addr=0000dbdc, load size=00000024 bytes, run addr=00000200, run size=0000003e bytes, compression=rle
	.bss: load addr=0000dc06, load size=00000004 bytes, run addr=0000023e, run size=00000020 bytes, compression=zero_init


LINKER GENERATED HANDLER TABLE

__TI_handler_table @ 0000dc00 records: 3, size/record: 2, table size: 6
	index: 0, handler: __TI_zero_init
	index: 1, handler: __TI_decompress_rle24
	index: 2, handler: __TI_decompress_none


GLOBAL SYMBOLS: SORTED ALPHABETICALLY BY Name 

address    name
--------   ----
0000004a   ADC10AE0
000001b0   ADC10CTL0
000001b2   ADC10CTL1
00000048   ADC10DTC0
00000049   ADC10DTC1
000001b4   ADC10MEM
000001bc   ADC10SA
0000021e   Amps1
00000236   Amps1pre
00000226   Amps2
0000023a   Amps2pre
00000057   BCSCTL1
00000058   BCSCTL2
00000053   BCSCTL3
0000dbd8   C$$EXIT
00000059   CACTL1
0000005a   CACTL2
000010fb   CALBC1_12MHZ
000010f9   CALBC1_16MHZ
000010ff   CALBC1_1MHZ
000010fd   CALBC1_8MHZ
000010fa   CALDCO_12MHZ
000010f8   CALDCO_16MHZ
000010fe   CALDCO_1MHZ
000010fc   CALDCO_8MHZ
0000005b   CAPD
00000204   CS
00000056   DCOCTL
00000128   FCTL1
0000012a   FCTL2
0000012c   FCTL3
00000000   IE1
00000001   IE2
00000002   IFG1
00000003   IFG2
0000d6ca   Init_MAX7219
0000023e   NUMBERA1
00000246   NUMBERA2
0000024e   NUMBERV1
00000256   NUMBERV2
00000022   P1DIR
00000025   P1IE
00000024   P1IES
00000023   P1IFG
00000020   P1IN
00000021   P1OUT
00000027   P1REN
00000026   P1SEL
00000041   P1SEL2
0000002a   P2DIR
0000002d   P2IE
0000002c   P2IES
0000002b   P2IFG
00000028   P2IN
00000029   P2OUT
0000002f   P2REN
0000002e   P2SEL
00000042   P2SEL2
0000001a   P3DIR
00000018   P3IN
00000019   P3OUT
00000010   P3REN
0000001b   P3SEL
00000043   P3SEL2
0000d44c   Read_ADC
0000d9f2   SPI_Init
0000d872   SPI_Write2
00000172   TA0CCR0
00000174   TA0CCR1
00000176   TA0CCR2
00000162   TA0CCTL0
00000164   TA0CCTL1
00000166   TA0CCTL2
00000160   TA0CTL
0000012e   TA0IV
00000170   TA0R
00000192   TA1CCR0
00000194   TA1CCR1
00000196   TA1CCR2
00000182   TA1CCTL0
00000184   TA1CCTL1
00000186   TA1CCTL2
00000180   TA1CTL
0000011e   TA1IV
00000190   TA1R
000010db   TLV_ADC10_1_LEN
000010da   TLV_ADC10_1_TAG
000010c0   TLV_CHECKSUM
000010f7   TLV_DCO_30_LEN
000010f6   TLV_DCO_30_TAG
0000005d   UCA0ABCTL
00000062   UCA0BR0
00000063   UCA0BR1
00000060   UCA0CTL0
00000061   UCA0CTL1
0000005f   UCA0IRRCTL
0000005e   UCA0IRTCTL
00000064   UCA0MCTL
00000066   UCA0RXBUF
00000065   UCA0STAT
00000067   UCA0TXBUF
0000006a   UCB0BR0
0000006b   UCB0BR1
00000068   UCB0CTL0
00000069   UCB0CTL1
0000006c   UCB0I2CIE
00000118   UCB0I2COA
0000011a   UCB0I2CSA
0000006e   UCB0RXBUF
0000006d   UCB0STAT
0000006f   UCB0TXBUF
0000020e   Volts1
0000022e   Volts1pre
00000216   Volts2
00000232   Volts2pre
00000120   WDTCTL
0000cc04   Write_Amperage1
0000cde0   Write_Amperage2
0000cfbc   Write_Voltage1
0000d196   Write_Voltage2
00000400   __STACK_END
00000050   __STACK_SIZE
0000dc0a   __TI_CINIT_Base
0000dc12   __TI_CINIT_Limit
0000dc00   __TI_Handler_Table_Base
0000dc06   __TI_Handler_Table_Limit
UNDEFED    __TI_INITARRAY_Base
UNDEFED    __TI_INITARRAY_Limit
0000dbc8   __TI_ISR_TRAP
00000001   __TI_args_main
0000db82   __TI_decompress_none
0000dbce   __TI_decompress_rle24
00000001   __TI_exit
0000c000   __TI_frcdivd
0000c466   __TI_frcmpyd
0000ffe4   __TI_int02
0000ffe6   __TI_int03
0000ffea   __TI_int05
0000ffec   __TI_int06
0000ffee   __TI_int07
0000fff0   __TI_int08
0000fff2   __TI_int09
0000fff4   __TI_int10
0000fff6   __TI_int11
0000fff8   __TI_int12
0000fffa   __TI_int13
0000fffc   __TI_int14
0000db5a   __TI_zero_init
ffffffff   __binit__
ffffffff   __c_args__
0000d370   __mspabi_cmpd
0000c9cc   __mspabi_divd
0000da84   __mspabi_divi
0000db44   __mspabi_divu
0000dadc   __mspabi_fixdi
0000d744   __mspabi_fixdli
0000d59c   __mspabi_fltlid
0000dbc4   __mspabi_func_epilog_1
0000dbc2   __mspabi_func_epilog_2
0000dbc0   __mspabi_func_epilog_3
0000dbbe   __mspabi_func_epilog_4
0000dbbc   __mspabi_func_epilog_5
0000dbba   __mspabi_func_epilog_6
0000dbb8   __mspabi_func_epilog_7
0000c75e   __mspabi_mpyd
0000db6e   __mspabi_mpyi
0000db04   __mspabi_mpyl
0000da84   __mspabi_remi
0000db44   __mspabi_remu
0000dab0   __mspabi_slli
0000dad8   __mspabi_slli_1
0000dac6   __mspabi_slli_10
0000dac4   __mspabi_slli_11
0000dac2   __mspabi_slli_12
0000dac0   __mspabi_slli_13
0000dabe   __mspabi_slli_14
0000dabc   __mspabi_slli_15
0000dad6   __mspabi_slli_2
0000dad4   __mspabi_slli_3
0000dad2   __mspabi_slli_4
0000dad0   __mspabi_slli_5
0000dace   __mspabi_slli_6
0000dacc   __mspabi_slli_7
0000daca   __mspabi_slli_8
0000dac8   __mspabi_slli_9
0000d9ec   __mspabi_slll_1
0000d9c8   __mspabi_slll_10
0000d9c4   __mspabi_slll_11
0000d9c0   __mspabi_slll_12
0000d9bc   __mspabi_slll_13
0000d9b8   __mspabi_slll_14
0000d9b4   __mspabi_slll_15
0000d9e8   __mspabi_slll_2
0000d9e4   __mspabi_slll_3
0000d9e0   __mspabi_slll_4
0000d9dc   __mspabi_slll_5
0000d9d8   __mspabi_slll_6
0000d9d4   __mspabi_slll_7
0000d9d0   __mspabi_slll_8
0000d9cc   __mspabi_slll_9
0000da58   __mspabi_srai
0000da80   __mspabi_srai_1
0000da6e   __mspabi_srai_10
0000da6c   __mspabi_srai_11
0000da6a   __mspabi_srai_12
0000da68   __mspabi_srai_13
0000da66   __mspabi_srai_14
0000da64   __mspabi_srai_15
0000da7e   __mspabi_srai_2
0000da7c   __mspabi_srai_3
0000da7a   __mspabi_srai_4
0000da78   __mspabi_srai_5
0000da76   __mspabi_srai_6
0000da74   __mspabi_srai_7
0000da72   __mspabi_srai_8
0000da70   __mspabi_srai_9
0000d9ae   __mspabi_sral_1
0000d98a   __mspabi_sral_10
0000d986   __mspabi_sral_11
0000d982   __mspabi_sral_12
0000d97e   __mspabi_sral_13
0000d97a   __mspabi_sral_14
0000d976   __mspabi_sral_15
0000d9aa   __mspabi_sral_2
0000d9a6   __mspabi_sral_3
0000d9a2   __mspabi_sral_4
0000d99e   __mspabi_sral_5
0000d99a   __mspabi_sral_6
0000d996   __mspabi_sral_7
0000d992   __mspabi_sral_8
0000d98e   __mspabi_sral_9
0000d92a   __mspabi_srli
0000d970   __mspabi_srli_1
0000d94c   __mspabi_srli_10
0000d948   __mspabi_srli_11
0000d944   __mspabi_srli_12
0000d940   __mspabi_srli_13
0000d93c   __mspabi_srli_14
0000d938   __mspabi_srli_15
0000d96c   __mspabi_srli_2
0000d968   __mspabi_srli_3
0000d964   __mspabi_srli_4
0000d960   __mspabi_srli_5
0000d95c   __mspabi_srli_6
0000d958   __mspabi_srli_7
0000d954   __mspabi_srli_8
0000d950   __mspabi_srli_9
0000db94   __mspabi_srll
0000d922   __mspabi_srll_1
0000d8ec   __mspabi_srll_10
0000d8e6   __mspabi_srll_11
0000d8e0   __mspabi_srll_12
0000d8da   __mspabi_srll_13
0000d8d4   __mspabi_srll_14
0000d8ce   __mspabi_srll_15
0000d91c   __mspabi_srll_2
0000d916   __mspabi_srll_3
0000d910   __mspabi_srll_4
0000d90a   __mspabi_srll_5
0000d904   __mspabi_srll_6
0000d8fe   __mspabi_srll_7
0000d8f8   __mspabi_srll_8
0000d8f2   __mspabi_srll_9
0000d814   _auto_init
0000db2a   _c_int00
0000db2a   _c_int00_noexit
0000fffe   _reset_vector
000003b0   _stack
0000dbd4   _system_pre_init
0000dbd8   abort
ffffffff   binit
00000200   digitcount
0000d63e   main
0000dba6   memcpy
00000202   number
00000208   number2fix
0000020a   number3fix
0000020c   number4fix
00000206   numberfix
0000da28   spiA_init
0000d4f4   spiA_transfer24


GLOBAL SYMBOLS: SORTED BY Symbol Address 

address    name
--------   ----
00000000   IE1
00000001   IE2
00000001   __TI_args_main
00000001   __TI_exit
00000002   IFG1
00000003   IFG2
00000010   P3REN
00000018   P3IN
00000019   P3OUT
0000001a   P3DIR
0000001b   P3SEL
00000020   P1IN
00000021   P1OUT
00000022   P1DIR
00000023   P1IFG
00000024   P1IES
00000025   P1IE
00000026   P1SEL
00000027   P1REN
00000028   P2IN
00000029   P2OUT
0000002a   P2DIR
0000002b   P2IFG
0000002c   P2IES
0000002d   P2IE
0000002e   P2SEL
0000002f   P2REN
00000041   P1SEL2
00000042   P2SEL2
00000043   P3SEL2
00000048   ADC10DTC0
00000049   ADC10DTC1
0000004a   ADC10AE0
00000050   __STACK_SIZE
00000053   BCSCTL3
00000056   DCOCTL
00000057   BCSCTL1
00000058   BCSCTL2
00000059   CACTL1
0000005a   CACTL2
0000005b   CAPD
0000005d   UCA0ABCTL
0000005e   UCA0IRTCTL
0000005f   UCA0IRRCTL
00000060   UCA0CTL0
00000061   UCA0CTL1
00000062   UCA0BR0
00000063   UCA0BR1
00000064   UCA0MCTL
00000065   UCA0STAT
00000066   UCA0RXBUF
00000067   UCA0TXBUF
00000068   UCB0CTL0
00000069   UCB0CTL1
0000006a   UCB0BR0
0000006b   UCB0BR1
0000006c   UCB0I2CIE
0000006d   UCB0STAT
0000006e   UCB0RXBUF
0000006f   UCB0TXBUF
00000118   UCB0I2COA
0000011a   UCB0I2CSA
0000011e   TA1IV
00000120   WDTCTL
00000128   FCTL1
0000012a   FCTL2
0000012c   FCTL3
0000012e   TA0IV
00000160   TA0CTL
00000162   TA0CCTL0
00000164   TA0CCTL1
00000166   TA0CCTL2
00000170   TA0R
00000172   TA0CCR0
00000174   TA0CCR1
00000176   TA0CCR2
00000180   TA1CTL
00000182   TA1CCTL0
00000184   TA1CCTL1
00000186   TA1CCTL2
00000190   TA1R
00000192   TA1CCR0
00000194   TA1CCR1
00000196   TA1CCR2
000001b0   ADC10CTL0
000001b2   ADC10CTL1
000001b4   ADC10MEM
000001bc   ADC10SA
00000200   digitcount
00000202   number
00000204   CS
00000206   numberfix
00000208   number2fix
0000020a   number3fix
0000020c   number4fix
0000020e   Volts1
00000216   Volts2
0000021e   Amps1
00000226   Amps2
0000022e   Volts1pre
00000232   Volts2pre
00000236   Amps1pre
0000023a   Amps2pre
0000023e   NUMBERA1
00000246   NUMBERA2
0000024e   NUMBERV1
00000256   NUMBERV2
000003b0   _stack
00000400   __STACK_END
000010c0   TLV_CHECKSUM
000010da   TLV_ADC10_1_TAG
000010db   TLV_ADC10_1_LEN
000010f6   TLV_DCO_30_TAG
000010f7   TLV_DCO_30_LEN
000010f8   CALDCO_16MHZ
000010f9   CALBC1_16MHZ
000010fa   CALDCO_12MHZ
000010fb   CALBC1_12MHZ
000010fc   CALDCO_8MHZ
000010fd   CALBC1_8MHZ
000010fe   CALDCO_1MHZ
000010ff   CALBC1_1MHZ
0000c000   __TI_frcdivd
0000c466   __TI_frcmpyd
0000c75e   __mspabi_mpyd
0000c9cc   __mspabi_divd
0000cc04   Write_Amperage1
0000cde0   Write_Amperage2
0000cfbc   Write_Voltage1
0000d196   Write_Voltage2
0000d370   __mspabi_cmpd
0000d44c   Read_ADC
0000d4f4   spiA_transfer24
0000d59c   __mspabi_fltlid
0000d63e   main
0000d6ca   Init_MAX7219
0000d744   __mspabi_fixdli
0000d814   _auto_init
0000d872   SPI_Write2
0000d8ce   __mspabi_srll_15
0000d8d4   __mspabi_srll_14
0000d8da   __mspabi_srll_13
0000d8e0   __mspabi_srll_12
0000d8e6   __mspabi_srll_11
0000d8ec   __mspabi_srll_10
0000d8f2   __mspabi_srll_9
0000d8f8   __mspabi_srll_8
0000d8fe   __mspabi_srll_7
0000d904   __mspabi_srll_6
0000d90a   __mspabi_srll_5
0000d910   __mspabi_srll_4
0000d916   __mspabi_srll_3
0000d91c   __mspabi_srll_2
0000d922   __mspabi_srll_1
0000d92a   __mspabi_srli
0000d938   __mspabi_srli_15
0000d93c   __mspabi_srli_14
0000d940   __mspabi_srli_13
0000d944   __mspabi_srli_12
0000d948   __mspabi_srli_11
0000d94c   __mspabi_srli_10
0000d950   __mspabi_srli_9
0000d954   __mspabi_srli_8
0000d958   __mspabi_srli_7
0000d95c   __mspabi_srli_6
0000d960   __mspabi_srli_5
0000d964   __mspabi_srli_4
0000d968   __mspabi_srli_3
0000d96c   __mspabi_srli_2
0000d970   __mspabi_srli_1
0000d976   __mspabi_sral_15
0000d97a   __mspabi_sral_14
0000d97e   __mspabi_sral_13
0000d982   __mspabi_sral_12
0000d986   __mspabi_sral_11
0000d98a   __mspabi_sral_10
0000d98e   __mspabi_sral_9
0000d992   __mspabi_sral_8
0000d996   __mspabi_sral_7
0000d99a   __mspabi_sral_6
0000d99e   __mspabi_sral_5
0000d9a2   __mspabi_sral_4
0000d9a6   __mspabi_sral_3
0000d9aa   __mspabi_sral_2
0000d9ae   __mspabi_sral_1
0000d9b4   __mspabi_slll_15
0000d9b8   __mspabi_slll_14
0000d9bc   __mspabi_slll_13
0000d9c0   __mspabi_slll_12
0000d9c4   __mspabi_slll_11
0000d9c8   __mspabi_slll_10
0000d9cc   __mspabi_slll_9
0000d9d0   __mspabi_slll_8
0000d9d4   __mspabi_slll_7
0000d9d8   __mspabi_slll_6
0000d9dc   __mspabi_slll_5
0000d9e0   __mspabi_slll_4
0000d9e4   __mspabi_slll_3
0000d9e8   __mspabi_slll_2
0000d9ec   __mspabi_slll_1
0000d9f2   SPI_Init
0000da28   spiA_init
0000da58   __mspabi_srai
0000da64   __mspabi_srai_15
0000da66   __mspabi_srai_14
0000da68   __mspabi_srai_13
0000da6a   __mspabi_srai_12
0000da6c   __mspabi_srai_11
0000da6e   __mspabi_srai_10
0000da70   __mspabi_srai_9
0000da72   __mspabi_srai_8
0000da74   __mspabi_srai_7
0000da76   __mspabi_srai_6
0000da78   __mspabi_srai_5
0000da7a   __mspabi_srai_4
0000da7c   __mspabi_srai_3
0000da7e   __mspabi_srai_2
0000da80   __mspabi_srai_1
0000da84   __mspabi_divi
0000da84   __mspabi_remi
0000dab0   __mspabi_slli
0000dabc   __mspabi_slli_15
0000dabe   __mspabi_slli_14
0000dac0   __mspabi_slli_13
0000dac2   __mspabi_slli_12
0000dac4   __mspabi_slli_11
0000dac6   __mspabi_slli_10
0000dac8   __mspabi_slli_9
0000daca   __mspabi_slli_8
0000dacc   __mspabi_slli_7
0000dace   __mspabi_slli_6
0000dad0   __mspabi_slli_5
0000dad2   __mspabi_slli_4
0000dad4   __mspabi_slli_3
0000dad6   __mspabi_slli_2
0000dad8   __mspabi_slli_1
0000dadc   __mspabi_fixdi
0000db04   __mspabi_mpyl
0000db2a   _c_int00
0000db2a   _c_int00_noexit
0000db44   __mspabi_divu
0000db44   __mspabi_remu
0000db5a   __TI_zero_init
0000db6e   __mspabi_mpyi
0000db82   __TI_decompress_none
0000db94   __mspabi_srll
0000dba6   memcpy
0000dbb8   __mspabi_func_epilog_7
0000dbba   __mspabi_func_epilog_6
0000dbbc   __mspabi_func_epilog_5
0000dbbe   __mspabi_func_epilog_4
0000dbc0   __mspabi_func_epilog_3
0000dbc2   __mspabi_func_epilog_2
0000dbc4   __mspabi_func_epilog_1
0000dbc8   __TI_ISR_TRAP
0000dbce   __TI_decompress_rle24
0000dbd4   _system_pre_init
0000dbd8   C$$EXIT
0000dbd8   abort
0000dc00   __TI_Handler_Table_Base
0000dc06   __TI_Handler_Table_Limit
0000dc0a   __TI_CINIT_Base
0000dc12   __TI_CINIT_Limit
0000ffe4   __TI_int02
0000ffe6   __TI_int03
0000ffea   __TI_int05
0000ffec   __TI_int06
0000ffee   __TI_int07
0000fff0   __TI_int08
0000fff2   __TI_int09
0000fff4   __TI_int10
0000fff6   __TI_int11
0000fff8   __TI_int12
0000fffa   __TI_int13
0000fffc   __TI_int14
0000fffe   _reset_vector
ffffffff   __binit__
ffffffff   __c_args__
ffffffff   binit
UNDEFED    __TI_INITARRAY_Base
UNDEFED    __TI_INITARRAY_Limit

[281 symbols]
